<span style="font-weight: 400;">Настройка и установка</span>