<ul>
	<li>1 lvl header</li>
	<ul>
		<li>2 lvl header</li>
		<ul>
			<li>3 lvl header</li>
			<ul>
				<li>4 lvl header</li>
				<ul>
					<li>5 lvl header</li>
					<ul>
						<li>6 lvl header</li>
					</ul>
				</ul>
			</ul>
		</ul>
	</ul>
</ul>