<ul>
	<li>Header 1</li>
	<ul>
		<li>Header 2</li>
		<li>Header 3</li>
		<ul>
			<li>Header 4</li>
		</ul>
		<li>Header 5</li>
	</ul>
	<li>Header 6</li>
	<ul>
		<li>Header 7</li>
		<ul>
			<ul>
				<ul>
					<li>Header 8</li>
					<ul>
						<li>Header 9</li>
					</ul>
				</ul>
			</ul>
		</ul>
	</ul>
</ul>