<ul>
	<ul>
		<li>Normal Header</li>
		<li>header not in<!-- comments</h2>-->comments 1</li>
		<li>header not in <!-- --> comments 2</li>
	</ul>
</ul>