<ul>
	<li>Big header</li>
	<ul>
		<li>Smaller header 1</li>
		<li>Smaller header 2</li>
		<ul>
			<li>Smallest header 1</li>
			<li>Smallest header 2</li>
		</ul>
		<li>Smaller header 3</li>
	</ul>
</ul>