ccccccccccccccccccccccccccc
ccccccccccccccccccccccccc     cccccccccccccc
cccc
cccccc
ccccccc
ccccccccccccc