<!doctype html>
ccccccccccccc<h1>header</h1>cccccccc
cccc
ccccc<span class="pm1">in
t</span> tmp = 0;ccccccccc
ccccccccc   <p>loi!--<--!-->--!--<rem</p>  cccccccccccccc
cccccccccccccccc<h1>asdasccccccccccccccsdasd<h1>ccccccccccccccccccccc